
. 
. set linesize 255

. set obs 500
number of observations (_N) was 0, now 500

. set seed 12345678

. if c(MP) {
.     qui set processor 1
. }

. 
. global EDM_VERBOSITY=1

. global EDM_NTHREADS=4

. 
. gen t = _n

. tsset t
        time variable:  t, 1 to 500
                delta:  1 unit

. 
. gen double x = 0.2 if _n==1
(499 missing values generated)

. gen double y = 0.4 if _n==1
(499 missing values generated)

. 
. * Create a dynamic system
. local r_x 3.625

. local r_y 3.77

. local beta_xy = 0.05

. local beta_yx=0.4

. local tau = 1

. drawnorm double u1 u2

. qui {

. 
. * Create binary variables
. replace x=1 if abs(x) > 0.5
(343 real changes made)

. replace x=0 if abs(x) <= 0.5
(157 real changes made)

. 
. replace y=1 if abs(y) > 0.65
(244 real changes made)

. replace y=0 if abs(y) <= 0.65
(256 real changes made)

. 
. codebook x, compact

Variable   Obs Unique  Mean  Min  Max  Label
---------------------------------------------------------------------------------------------------------------------------------------------------------------------------------------------------------------------------------------------------------------
x          500      2  .686    0    1  
---------------------------------------------------------------------------------------------------------------------------------------------------------------------------------------------------------------------------------------------------------------

. 
. return list

. 
. matrix list e
matrix e not found
r(111);

end of do-file

r(111);

. do bin_test.do

. clear

. 
. //cap log close _all
. //log using "bin_test.log", replace nomsg
. 
. set linesize 255

. set obs 500
number of observations (_N) was 0, now 500

. set seed 12345678

. if c(MP) {
.     qui set processor 1
. }

. 
. global EDM_VERBOSITY=1

. global EDM_NTHREADS=4

. 
. gen t = _n

. tsset t
        time variable:  t, 1 to 500
                delta:  1 unit

. 
. gen double x = 0.2 if _n==1
(499 missing values generated)

. gen double y = 0.4 if _n==1
(499 missing values generated)

. 
. * Create a dynamic system
. local r_x 3.625

. local r_y 3.77

. local beta_xy = 0.05

. local beta_yx=0.4

. local tau = 1

. drawnorm double u1 u2

. qui {

. 
. * Create binary variables
. replace x=1 if abs(x) > 0.5
(343 real changes made)

. replace x=0 if abs(x) <= 0.5
(157 real changes made)

. 
. replace y=1 if abs(y) > 0.65
(244 real changes made)

. replace y=0 if abs(y) <= 0.65
(256 real changes made)

. 
. codebook x, compact

Variable   Obs Unique  Mean  Min  Max  Label
---------------------------------------------------------------------------------------------------------------------------------------------------------------------------------------------------------------------------------------------------------------
x          500      2  .686    0    1  
---------------------------------------------------------------------------------------------------------------------------------------------------------------------------------------------------------------------------------------------------------------

. 
. quietly {
log file already open
r(604);

end of do-file

r(604);

. discard

. clear

. prog drop edm
program edm not found
r(111);

. do bin_test.do

. clear

. 
. //cap log close _all
. //log using "bin_test.log", replace nomsg
. 
. set linesize 255

. set obs 500
number of observations (_N) was 0, now 500

. set seed 12345678

. if c(MP) {
.     qui set processor 1
. }

. 
. global EDM_VERBOSITY=1

. global EDM_NTHREADS=4

. 
. gen t = _n

. tsset t
        time variable:  t, 1 to 500
                delta:  1 unit

. 
. gen double x = 0.2 if _n==1
(499 missing values generated)

. gen double y = 0.4 if _n==1
(499 missing values generated)

. 
. * Create a dynamic system
. local r_x 3.625

. local r_y 3.77

. local beta_xy = 0.05

. local beta_yx=0.4

. local tau = 1

. drawnorm double u1 u2

. qui {

. 
. * Create binary variables
. replace x=1 if abs(x) > 0.5
(343 real changes made)

. replace x=0 if abs(x) <= 0.5
(157 real changes made)

. 
. replace y=1 if abs(y) > 0.65
(244 real changes made)

. replace y=0 if abs(y) <= 0.65
(256 real changes made)

. 
. codebook x, compact

Variable   Obs Unique  Mean  Min  Max  Label
---------------------------------------------------------------------------------------------------------------------------------------------------------------------------------------------------------------------------------------------------------------
x          500      2  .686    0    1  
---------------------------------------------------------------------------------------------------------------------------------------------------------------------------------------------------------------------------------------------------------------

. 
. quietly {
log file already open
r(604);

end of do-file

r(604);

